com/example/hakgoongido/config/CorsConfig.class
com/example/hakgoongido/highSchoolInfo/repository/HighSchoolInfoMapperImpl.class
com/example/hakgoongido/config/SwaggerConfig.class
com/example/hakgoongido/highSchoolInfo/repository/HighSchoolInfoRepository.class
com/example/hakgoongido/config/H2ServerConfig.class
com/example/hakgoongido/highSchoolInfo/repository/customRepository/HighSchoolInfoCRepository.class
com/example/hakgoongido/highSchoolInfo/controller/HighSchoolInfoController.class
com/example/hakgoongido/highSchoolInfo/repository/HighSchoolInfoMapper.class
com/example/hakgoongido/HakgoongidoApplication.class
com/example/hakgoongido/config/CorsConfig$1.class
com/example/hakgoongido/highSchoolInfo/dto/HighSchoolInfoDTO.class
com/example/hakgoongido/highSchoolInfo/dto/HighSchoolSearchBody.class
com/example/hakgoongido/highSchoolInfo/repository/customRepository/HighSchoolInfoCRepositoryImpl.class
com/example/hakgoongido/highSchoolInfo/entity/HighSchoolInfoEntity.class
com/example/hakgoongido/highSchoolInfo/entity/QHighSchoolInfoEntity.class
com/example/hakgoongido/highSchoolInfo/service/HighSchoolInfoService.class
